=== COMPREHENSIVE SEMANTIC ANALYZER TEST SUITE ===

Test 1: Symbol Table Management
  ✓ Global symbol table created correctly
Test 2: Symbol Creation and Addition
  ✓ Variable symbols created correctly
Test 3: Symbol Lookup
  ✓ Symbol lookup works correctly
Test 4: Semantic Analyzer Creation
  ✓ Semantic analyzer created correctly
Test 5: Scope Management
  ✓ Scope management works correctly
Test 6: Type Inference for Literals
  ✓ Type inference works correctly
Test 7: Binary Operation Type Checking
  ✓ Binary operation type checking works correctly
Test 8: Expression Semantic Analysis
  ✓ Expression semantic analysis works correctly
Test 9: Data Type Utilities
  ✓ Data type utilities work correctly
